// Jest Snapshot v1, https://goo.gl/fbAQLP

exports[`Navbar.vue It must render the component correctly 1`] = `
<nav class="navbar bg-primary"><a href="" class="navbar-brand text-white"><img src="" alt="Logo" class="d-inline-block align-text-top mx-2" height="24"> DayBook </a>
  <div class="d-flex"><button class="btn btn-outline-info mx-2"><i class="fa fa-sign-out-alt"></i></button></div>
</nav>
`;
